[    0.000000] Linux version 4.15.0-212-generic (buildd@lcy02-amd64-083) (gcc version 7.5.0 (Ubuntu 7.5.0-3ubuntu1~18.04)) #223-Ubuntu SMP Tue May 23 13:09:22 UTC 2023 (Ubuntu 4.15.0-212.223-generic 4.15.18)
[    0.000000] Command line: BOOT_IMAGE=/boot/vmlinuz-4.15.0-212-generic root=LABEL=cloudimg-rootfs ro console=tty1 console=ttyS0
[    0.000000] KERNEL supported cpus:
[    0.000000]   Intel GenuineIntel
[    0.000000]   AMD AuthenticAMD
[    0.000000]   Centaur CentaurHauls
[    0.000000] x86/fpu: x87 FPU will use FXSAVE
[    0.000000] e820: BIOS-provided physical RAM map:
[    0.000000] BIOS-e820: [mem 0x0000000000000000-0x000000000009fbff] usable
[    0.000000] BIOS-e820: [mem 0x000000000009fc00-0x000000000009ffff] reserved
[    0.000000] BIOS-e820: [mem 0x00000000000f0000-0x00000000000fffff] reserved
[    0.000000] BIOS-e820: [mem 0x0000000000100000-0x000000003ffeffff] usable
[    0.000000] BIOS-e820: [mem 0x000000003fff0000-0x000000003fffffff] ACPI data
[    0.000000] BIOS-e820: [mem 0x00000000fec00000-0x00000000fec00fff] reserved
[    0.000000] BIOS-e820: [mem 0x00000000fee00000-0x00000000fee00fff] reserved
[    0.000000] BIOS-e820: [mem 0x00000000fffc0000-0x00000000ffffffff] reserved
[    0.000000] NX (Execute Disable) protection: active
[    0.000000] SMBIOS 2.5 present.
[    0.000000] DMI: innotek GmbH VirtualBox/VirtualBox, BIOS VirtualBox 12/01/2006
[    0.000000] Hypervisor detected: KVM
[    0.000000] e820: last_pfn = 0x3fff0 max_arch_pfn = 0x400000000
[    0.000000] MTRR: Disabled
[    0.000000] x86/PAT: MTRRs disabled, skipping PAT initialization too.
[    0.000000] CPU MTRRs all blank - virtualized system.
[    0.000000] x86/PAT: Configuration [0-7]: WB  WT  UC- UC  WB  WT  UC- UC  
[    0.000000] found SMP MP-table at [mem 0x0009fff0-0x0009ffff]
[    0.000000] Scanning 1 areas for low memory corruption
[    0.000000] RAMDISK: [mem 0x359cb000-0x36cdcfff]
[    0.000000] ACPI: Early table checksum verification disabled
[    0.000000] ACPI: RSDP 0x00000000000E0000 000024 (v02 VBOX  )
[    0.000000] ACPI: XSDT 0x000000003FFF0030 00003C (v01 VBOX   VBOXXSDT 00000001 ASL  00000061)
[    0.000000] ACPI: FACP 0x000000003FFF00F0 0000F4 (v04 VBOX   VBOXFACP 00000001 ASL  00000061)
[    0.000000] ACPI: DSDT 0x000000003FFF0470 002325 (v02 VBOX   VBOXBIOS 00000002 INTL 20100528)
[    0.000000] ACPI: FACS 0x000000003FFF0200 000040
[    0.000000] ACPI: FACS 0x000000003FFF0200 000040
[    0.000000] ACPI: APIC 0x000000003FFF0240 00005C (v02 VBOX   VBOXAPIC 00000001 ASL  00000061)
[    0.000000] ACPI: SSDT 0x000000003FFF02A0 0001CC (v01 VBOX   VBOXCPUT 00000002 INTL 20100528)
[    0.000000] ACPI: Reserving FACP table memory at [mem 0x3fff00f0-0x3fff01e3]
[    0.000000] ACPI: Reserving DSDT table memory at [mem 0x3fff0470-0x3fff2794]
[    0.000000] ACPI: Reserving FACS table memory at [mem 0x3fff0200-0x3fff023f]
[    0.000000] ACPI: Reserving FACS table memory at [mem 0x3fff0200-0x3fff023f]
[    0.000000] ACPI: Reserving APIC table memory at [mem 0x3fff0240-0x3fff029b]
[    0.000000] ACPI: Reserving SSDT table memory at [mem 0x3fff02a0-0x3fff046b]
[    0.000000] No NUMA configuration found
[    0.000000] Faking a node at [mem 0x0000000000000000-0x000000003ffeffff]
[    0.000000] NODE_DATA(0) allocated [mem 0x3ffc5000-0x3ffeffff]
[    0.000000] kvm-clock: cpu 0, msr 0:3ff44001, primary cpu clock
[    0.000000] kvm-clock: Using msrs 4b564d01 and 4b564d00
[    0.000000] kvm-clock: using sched offset of 6123426646 cycles
[    0.000000] clocksource: kvm-clock: mask: 0xffffffffffffffff max_cycles: 0x1cd42e4dffb, max_idle_ns: 881590591483 ns
[    0.000000] Zone ranges:
[    0.000000]   DMA      [mem 0x0000000000001000-0x0000000000ffffff]
[    0.000000]   DMA32    [mem 0x0000000001000000-0x000000003ffeffff]
[    0.000000]   Normal   empty
[    0.000000]   Device   empty
[    0.000000] Movable zone start for each node
[    0.000000] Early memory node ranges
[    0.000000]   node   0: [mem 0x0000000000001000-0x000000000009efff]
[    0.000000]   node   0: [mem 0x0000000000100000-0x000000003ffeffff]
[    0.000000] Reserved but unavailable: 104 pages
[    0.000000] Initmem setup node 0 [mem 0x0000000000001000-0x000000003ffeffff]
[    0.000000] ACPI: PM-Timer IO Port: 0x4008
[    0.000000] IOAPIC[0]: apic_id 2, version 32, address 0xfec00000, GSI 0-23
[    0.000000] ACPI: INT_SRC_OVR (bus 0 bus_irq 0 global_irq 2 dfl dfl)
[    0.000000] ACPI: INT_SRC_OVR (bus 0 bus_irq 9 global_irq 9 low level)
[    0.000000] Using ACPI (MADT) for SMP configuration information
[    0.000000] smpboot: Allowing 2 CPUs, 0 hotplug CPUs
[    0.000000] PM: Registered nosave memory: [mem 0x00000000-0x00000fff]
[    0.000000] PM: Registered nosave memory: [mem 0x0009f000-0x0009ffff]
[    0.000000] PM: Registered nosave memory: [mem 0x000a0000-0x000effff]
[    0.000000] PM: Registered nosave memory: [mem 0x000f0000-0x000fffff]
[    0.000000] e820: [mem 0x40000000-0xfebfffff] available for PCI devices
[    0.000000] Booting paravirtualized kernel on KVM
[    0.000000] clocksource: refined-jiffies: mask: 0xffffffff max_cycles: 0xffffffff, max_idle_ns: 7645519600211568 ns
[    0.000000] setup_percpu: NR_CPUS:8192 nr_cpumask_bits:2 nr_cpu_ids:2 nr_node_ids:1
[    0.000000] percpu: Embedded 50 pages/cpu s167936 r8192 d28672 u1048576
[    0.000000] PV qspinlock hash table entries: 256 (order: 0, 4096 bytes)
[    0.000000] Built 1 zonelists, mobility grouping on.  Total pages: 257913
[    0.000000] Policy zone: DMA32
[    0.000000] Kernel command line: BOOT_IMAGE=/boot/vmlinuz-4.15.0-212-generic root=LABEL=cloudimg-rootfs ro console=tty1 console=ttyS0
[    0.000000] Memory: 982644K/1048120K available (12300K kernel code, 2477K rwdata, 4324K rodata, 2480K init, 2720K bss, 65476K reserved, 0K cma-reserved)
[    0.000000] SLUB: HWalign=64, Order=0-3, MinObjects=0, CPUs=2, Nodes=1
[    0.000000] ftrace: allocating 39508 entries in 155 pages
[    0.004000] Hierarchical RCU implementation.
[    0.004000] 	RCU restricting CPUs from NR_CPUS=8192 to nr_cpu_ids=2.
[    0.004000] 	Tasks RCU enabled.
[    0.004000] RCU: Adjusting geometry for rcu_fanout_leaf=16, nr_cpu_ids=2
[    0.004000] NR_IRQS: 524544, nr_irqs: 440, preallocated irqs: 16
[    0.004000] Console: colour VGA+ 80x25
[    0.004000] console [tty1] enabled
[    0.004000] console [ttyS0] enabled
[    0.004000] ACPI: Core revision 20170831
[    0.004000] ACPI: 2 ACPI AML tables successfully acquired and loaded
[    0.004000] APIC: Switch to symmetric I/O mode setup
[    0.008000] ..TIMER: vector=0x30 apic1=0 pin1=2 apic2=-1 pin2=-1
[    0.008017] tsc: Detected 2687.998 MHz processor
[    0.012021] Calibrating delay loop (skipped) preset value.. 5375.99 BogoMIPS (lpj=10751992)
[    0.016012] pid_max: default: 32768 minimum: 301
[    0.020271] Security Framework initialized
[    0.024012] Yama: becoming mindful.
[    0.028328] AppArmor: AppArmor initialized
[    0.049144] Dentry cache hash table entries: 131072 (order: 8, 1048576 bytes)
[    0.063809] Inode-cache hash table entries: 65536 (order: 7, 524288 bytes)
[    0.064289] Mount-cache hash table entries: 2048 (order: 2, 16384 bytes)
[    0.068264] Mountpoint-cache hash table entries: 2048 (order: 2, 16384 bytes)
[    0.080384] Last level iTLB entries: 4KB 0, 2MB 0, 4MB 0
[    0.084009] Last level dTLB entries: 4KB 0, 2MB 0, 4MB 0, 1GB 0
[    0.088013] Spectre V1 : Mitigation: usercopy/swapgs barriers and __user pointer sanitization
[    0.092010] Spectre V2 : Mitigation: Enhanced IBRS
[    0.096008] Spectre V2 : Spectre v2 / SpectreRSB mitigation: Filling RSB on context switch
[    0.100007] Spectre V2 : Spectre v2 / PBRSB-eIBRS: Retire a single CALL on VMEXIT
[    0.104008] RETBleed: Mitigation: Enhanced IBRS
[    0.108008] Speculative Store Bypass: Vulnerable
[    0.112375] Freeing SMP alternatives memory: 36K
[    0.234705] smpboot: CPU0: 12th Gen Intel(R) Core(TM) i7-12700H (family: 0x6, model: 0x9a, stepping: 0x3)
[    0.240302] Performance Events: unsupported p6 CPU model 154 no PMU driver, software events only.
[    0.244570] Hierarchical SRCU implementation.
[    0.249933] NMI watchdog: Perf event create on CPU 0 failed with -2
[    0.252012] NMI watchdog: Perf NMI watchdog permanently disabled
[    0.257344] smp: Bringing up secondary CPUs ...
[    0.265031] x86: Booting SMP configuration:
[    0.268016] .... node  #0, CPUs:      #1
[    0.004000] kvm-clock: cpu 1, msr 0:3ff44041, secondary cpu clock
[    0.320000] TSC synchronization [CPU#0 -> CPU#1]:
[    0.320000] Measured 165383 cycles TSC warp between CPUs, turning off TSC clock.
[    0.320000] tsc: Marking TSC unstable due to check_tsc_sync_source failed
[    0.332019] smp: Brought up 1 node, 2 CPUs
[    0.336018] smpboot: Max logical packages: 1
[    0.340014] smpboot: Total of 2 processors activated (10751.99 BogoMIPS)
[    0.352025] devtmpfs: initialized
[    0.356400] x86/mm: Memory block size: 128MB
[    0.361498] evm: security.selinux
[    0.364009] evm: security.SMACK64
[    0.368010] evm: security.SMACK64EXEC
[    0.372009] evm: security.SMACK64TRANSMUTE
[    0.376008] evm: security.SMACK64MMAP
[    0.380008] evm: security.apparmor
[    0.384010] evm: security.ima
[    0.388011] evm: security.capability
[    0.396954] clocksource: jiffies: mask: 0xffffffff max_cycles: 0xffffffff, max_idle_ns: 7645041785100000 ns
[    0.400362] futex hash table entries: 512 (order: 3, 32768 bytes)
[    0.404729] pinctrl core: initialized pinctrl subsystem
[    0.412009] RTC time: 23:44:34, date: 02/13/24
[    0.421263] NET: Registered protocol family 16
[    0.424383] audit: initializing netlink subsys (disabled)
[    0.432019] audit: type=2000 audit(1707867878.981:1): state=initialized audit_enabled=0 res=1
[    0.488021] cpuidle: using governor ladder
[    0.492025] cpuidle: using governor menu
[    0.496221] ACPI: bus type PCI registered
[    0.500011] acpiphp: ACPI Hot Plug PCI Controller Driver version: 0.5
[    0.508577] PCI: Using configuration type 1 for base access
[    0.540345] HugeTLB registered 2.00 MiB page size, pre-allocated 0 pages
[    0.556660] ACPI: Added _OSI(Module Device)
[    0.560010] ACPI: Added _OSI(Processor Device)
[    0.564012] ACPI: Added _OSI(3.0 _SCP Extensions)
[    0.568010] ACPI: Added _OSI(Processor Aggregator Device)
[    0.572012] ACPI: Added _OSI(Linux-Dell-Video)
[    0.576011] ACPI: Added _OSI(Linux-Lenovo-NV-HDMI-Audio)
[    0.580009] ACPI: Added _OSI(Linux-HPI-Hybrid-Graphics)
[    0.588564] ACPI: Executed 1 blocks of module-level executable AML code
[    0.605852] ACPI: Interpreter enabled
[    0.608032] ACPI: (supports S0 S5)
[    0.612011] ACPI: Using IOAPIC for interrupt routing
[    0.620344] PCI: Using host bridge windows from ACPI; if necessary, use "pci=nocrs" and report a bug
[    0.624763] ACPI: Enabled 2 GPEs in block 00 to 07
[    0.663563] ACPI: PCI Root Bridge [PCI0] (domain 0000 [bus 00-ff])
[    0.664019] acpi PNP0A03:00: _OSC: OS supports [ASPM ClockPM Segments MSI]
[    0.672842] acpi PNP0A03:00: _OSC: not requesting OS control; OS requires [ExtendedConfig ASPM ClockPM MSI]
[    0.676038] acpi PNP0A03:00: fail to add MMCONFIG information, can't access extended PCI configuration space under this bridge.
[    0.682340] PCI host bridge to bus 0000:00
[    0.684013] pci_bus 0000:00: root bus resource [io  0x0000-0x0cf7 window]
[    0.688016] pci_bus 0000:00: root bus resource [io  0x0d00-0xffff window]
[    0.692018] pci_bus 0000:00: root bus resource [mem 0x000a0000-0x000bffff window]
[    0.696014] pci_bus 0000:00: root bus resource [mem 0x40000000-0xfdffffff window]
[    0.700192] pci_bus 0000:00: root bus resource [bus 00-ff]
[    0.734146] pci 0000:00:01.1: legacy IDE quirk: reg 0x10: [io  0x01f0-0x01f7]
[    0.736017] pci 0000:00:01.1: legacy IDE quirk: reg 0x14: [io  0x03f6]
[    0.740015] pci 0000:00:01.1: legacy IDE quirk: reg 0x18: [io  0x0170-0x0177]
[    0.744012] pci 0000:00:01.1: legacy IDE quirk: reg 0x1c: [io  0x0376]
[    0.818366] pci 0000:00:07.0: quirk: [io  0x4000-0x403f] claimed by PIIX4 ACPI
[    0.820127] pci 0000:00:07.0: quirk: [io  0x4100-0x410f] claimed by PIIX4 SMB
[    0.847127] ACPI: PCI Interrupt Link [LNKA] (IRQs 5 9 10 *11)
[    0.849695] ACPI: PCI Interrupt Link [LNKB] (IRQs 5 9 *10 11)
[    0.856053] ACPI: PCI Interrupt Link [LNKC] (IRQs 5 *9 10 11)
[    0.860677] ACPI: PCI Interrupt Link [LNKD] (IRQs 5 9 10 *11)
[    0.868975] SCSI subsystem initialized
[    0.876689] pci 0000:00:02.0: vgaarb: setting as boot VGA device
[    0.880000] pci 0000:00:02.0: vgaarb: VGA device added: decodes=io+mem,owns=io+mem,locks=none
[    0.880016] pci 0000:00:02.0: vgaarb: bridge control possible
[    0.884009] vgaarb: loaded
[    0.888210] ACPI: bus type USB registered
[    0.892143] usbcore: registered new interface driver usbfs
[    0.900050] usbcore: registered new interface driver hub
[    0.904037] usbcore: registered new device driver usb
[    0.912027] EDAC MC: Ver: 3.0.0
[    0.924598] PCI: Using ACPI for IRQ routing
[    0.930443] NetLabel: Initializing
[    0.932011] NetLabel:  domain hash size = 128
[    0.936008] NetLabel:  protocols = UNLABELED CIPSOv4 CALIPSO
[    0.940053] NetLabel:  unlabeled traffic allowed by default
[    0.948517] clocksource: Switched to clocksource kvm-clock
[    1.093189] VFS: Disk quotas dquot_6.6.0
[    1.130803] VFS: Dquot-cache hash table entries: 512 (order 0, 4096 bytes)
[    1.134573] AppArmor: AppArmor Filesystem Enabled
[    1.167975] pnp: PnP ACPI init
[    1.183808] pnp: PnP ACPI: found 3 devices
[    1.316937] clocksource: acpi_pm: mask: 0xffffff max_cycles: 0xffffff, max_idle_ns: 2085701024 ns
[    1.320770] NET: Registered protocol family 2
[    1.320770] IP idents hash table entries: 16384 (order: 5, 131072 bytes)
[    1.390988] TCP established hash table entries: 8192 (order: 4, 65536 bytes)
[    1.418917] TCP bind hash table entries: 8192 (order: 5, 131072 bytes)
[    1.445636] TCP: Hash tables configured (established 8192 bind 8192)
[    1.471983] UDP hash table entries: 512 (order: 2, 16384 bytes)
[    1.494703] UDP-Lite hash table entries: 512 (order: 2, 16384 bytes)
[    1.519520] NET: Registered protocol family 1
[    1.536793] pci 0000:00:00.0: Limiting direct PCI/PCI transfers
[    1.559096] pci 0000:00:01.0: Activating ISA DMA hang workarounds
[    1.582330] pci 0000:00:02.0: Video device with shadowed ROM at [mem 0x000c0000-0x000dffff]
[    1.615233] Unpacking initramfs...
[    2.740033] Freeing initrd memory: 19528K
[    3.265526] clocksource: tsc: mask: 0xffffffffffffffff max_cycles: 0x26bef4a354e, max_idle_ns: 440795213564 ns
[    3.335887] platform rtc_cmos: registered platform RTC device (no PNP device found)
[    3.372717] Scanning for low memory corruption every 60 seconds
[    3.398626] Initialise system trusted keyrings
[    3.416442] Key type blacklist registered
[    3.434448] workingset: timestamp_bits=36 max_order=18 bucket_order=0
[    3.467624] zbud: loaded
[    3.483245] squashfs: version 4.0 (2009/01/31) Phillip Lougher
[    3.506621] fuse init (API version 7.26)
[    3.594739] Key type asymmetric registered
[    3.611869] Asymmetric key parser 'x509' registered
[    3.630885] Block layer SCSI generic (bsg) driver version 0.4 loaded (major 246)
[    3.660761] io scheduler noop registered
[    3.674082] io scheduler deadline registered
[    3.688821] io scheduler cfq registered (default)
[    3.709772] ACPI: AC Adapter [AC] (off-line)
[    3.726836] input: Power Button as /devices/LNXSYSTM:00/LNXPWRBN:00/input/input0
[    3.755807] ACPI: Power Button [PWRF]
[    3.771760] input: Sleep Button as /devices/LNXSYSTM:00/LNXSLPBN:00/input/input1
[    3.798615] ACPI: Sleep Button [SLPF]
[    3.816923] Serial: 8250/16550 driver, 32 ports, IRQ sharing enabled
[    3.821262] ACPI: Battery Slot [BAT0] (battery present)
[    3.914413] 00:02: ttyS0 at I/O 0x3f8 (irq = 4, base_baud = 115200) is a 16550A
[    3.944941] Linux agpgart interface v0.103
[    3.997333] loop: module loaded
[    4.016488] scsi host0: ata_piix
[    4.031939] scsi host1: ata_piix
[    4.043085] ata1: PATA max UDMA/33 cmd 0x1f0 ctl 0x3f6 bmdma 0xd000 irq 14
[    4.065320] ata2: PATA max UDMA/33 cmd 0x170 ctl 0x376 bmdma 0xd008 irq 15
[    4.087210] tun: Universal TUN/TAP device driver, 1.6
[    4.104321] PPP generic driver version 2.4.2
[    4.118950] ehci_hcd: USB 2.0 'Enhanced' Host Controller (EHCI) Driver
[    4.139116] ehci-pci: EHCI PCI platform driver
[    4.155206] ehci-platform: EHCI generic platform driver
[    4.170943] ohci_hcd: USB 1.1 'Open' Host Controller (OHCI) Driver
[    4.190710] ohci-pci: OHCI PCI platform driver
[    4.205020] ohci-platform: OHCI generic platform driver
[    4.222314] uhci_hcd: USB Universal Host Controller Interface driver
[    4.252542] i8042: PNP: PS/2 Controller [PNP0303:PS2K,PNP0f03:PS2M] at 0x60,0x64 irq 1,12
[    4.294056] serio: i8042 KBD port at 0x60,0x64 irq 1
[    4.311673] serio: i8042 AUX port at 0x60,0x64 irq 12
[    4.405854] mousedev: PS/2 mouse device common for all mice
[    4.438296] rtc_cmos rtc_cmos: rtc core: registered rtc_cmos as rtc0
[    4.462166] input: AT Translated Set 2 keyboard as /devices/platform/i8042/serio0/input/input2
[    4.493814] rtc_cmos rtc_cmos: alarms up to one day, 114 bytes nvram
[    4.516635] i2c /dev entries driver
[    4.532312] device-mapper: uevent: version 1.0.3
[    4.550410] device-mapper: ioctl: 4.37.0-ioctl (2017-09-20) initialised: dm-devel@redhat.com
[    4.582955] ledtrig-cpu: registered to indicate activity on CPUs
[    4.614176] NET: Registered protocol family 10
[    4.669640] Segment Routing with IPv6
[    4.683487] NET: Registered protocol family 17
[    4.705873] Key type dns_resolver registered
[    4.726536] mce: Using 0 MCE banks
[    4.741314] RAS: Correctable Errors collector initialized.
[    4.762216] sched_clock: Marking stable (4762047262, 0)->(8586350112, -3824302850)
[    4.801319] registered taskstats version 1
[    4.819114] Loading compiled-in X.509 certificates
[    4.849463] Loaded X.509 cert 'Build time autogenerated kernel key: b5b26778eaa3ab3a4a6cee031137706e947d12ad'
[    4.880331] Loaded X.509 cert 'Canonical Ltd. Live Patch Signing: 14df34d1a87cf37625abec039ef2bf521249b969'
[    4.917479] Loaded X.509 cert 'Canonical Ltd. Kernel Module Signing: 88f752e560a1e0737e31163a466ad7b70a850c19'
[    4.951903] blacklist: Loading compiled-in revocation X.509 certificates
[    4.975699] Loaded X.509 cert 'Canonical Ltd. Secure Boot Signing: 61482aa2830d0ab2ad5af10b7250da9033ddcef0'
[    5.008998] Loaded X.509 cert 'Canonical Ltd. Secure Boot Signing (2017): 242ade75ac4a15e50d50c84b0d45ff3eae707a03'
[    5.044256] Loaded X.509 cert 'Canonical Ltd. Secure Boot Signing (ESM 2018): 365188c1d374d6b07c3c8f240f8ef722433d6a8b'
[    5.081424] Loaded X.509 cert 'Canonical Ltd. Secure Boot Signing (2019): c0746fd6c5da3ae827864651ad66ae47fe24b3e8'
[    5.116163] Loaded X.509 cert 'Canonical Ltd. Secure Boot Signing (2021 v1): a8d54bbb3825cfb94fa13c9f8a594a195c107b8d'
[    5.152665] Loaded X.509 cert 'Canonical Ltd. Secure Boot Signing (2021 v2): 4cf046892d6fd3c9a5b03f98d845f90851dc6a8c'
[    5.188336] Loaded X.509 cert 'Canonical Ltd. Secure Boot Signing (2021 v3): 100437bb6de6e469b581e61cd66bce3ef4ed53af'
[    5.221973] Loaded X.509 cert 'Canonical Ltd. Secure Boot Signing (Ubuntu Core 2019): c1d57b8f6b743f23ee41f4f7ee292f06eecadfb9'
[    5.260742] zswap: loaded using pool lzo/zbud
[    5.314534] Key type big_key registered
[    5.328593] Key type trusted registered
[    5.355320] Key type encrypted registered
[    5.371426] AppArmor: AppArmor sha1 policy hashing enabled
[    5.396307] ima: No TPM chip found, activating TPM-bypass! (rc=-19)
[    5.424611] ima: Allocated hash algorithm: sha1
[    5.447239] evm: HMAC attrs: 0x1
[    5.462708]   Magic number: 12:78:757
[    5.477750] tty ttyS8: hash matches
[    5.494087] rtc_cmos rtc_cmos: setting system clock to 2024-02-13 23:44:40 UTC (1707867880)
[    5.527037] BIOS EDD facility v0.16 2004-Jun-25, 0 devices found
[    5.550184] EDD information not available.
[    5.575879] Freeing unused kernel image memory: 2480K
[    5.608973] Write protecting the kernel read-only data: 20480k
[    5.635482] Freeing unused kernel image memory: 2008K
[    5.654469] Freeing unused kernel image memory: 1820K
[    5.686107] x86/mm: Checked W+X mappings: passed, no W+X pages found.
Loading, please wait...
starting version 237
[    6.042060] e1000: Intel(R) PRO/1000 Network Driver - version 7.3.21-k8-NAPI
[    6.067411] e1000: Copyright (c) 1999-2006 Intel Corporation.
[    6.104884] Fusion MPT base driver 3.04.20
[    6.120788] Copyright (c) 1999-2008 LSI Corporation
[    6.171716] Fusion MPT SPI Host driver 3.04.20
[    6.406493] input: ImExPS/2 Generic Explorer Mouse as /devices/platform/i8042/serio1/input/input4
[    7.753381] e1000 0000:00:03.0 eth0: (PCI:33MHz:32-bit) 02:3b:7b:b7:3b:2d
[    7.776628] e1000 0000:00:03.0 eth0: Intel(R) PRO/1000 Network Connection
[    7.806342] e1000 0000:00:03.0 enp0s3: renamed from eth0
[    7.824990] mptbase: ioc0: Initiating bringup
[    7.960957] ioc0: LSI53C1030 A0: Capabilities={Initiator}
[    8.234401] scsi host2: ioc0: LSI53C1030 A0, FwRev=00000000h, Ports=1, MaxQ=256, IRQ=20
[    8.415278] scsi 2:0:0:0: Direct-Access     VBOX     HARDDISK         1.0  PQ: 0 ANSI: 5
[    8.948643] scsi target2:0:0: Beginning Domain Validation
[    8.971978] scsi target2:0:0: Domain Validation skipping write tests
[    8.984101] scsi target2:0:0: Ending Domain Validation
[    8.994933] scsi target2:0:0: asynchronous
[    9.006865] scsi 2:0:1:0: Direct-Access     VBOX     HARDDISK         1.0  PQ: 0 ANSI: 5
[    9.254207] scsi target2:0:1: Beginning Domain Validation
[    9.279828] scsi target2:0:1: Domain Validation skipping write tests
[    9.291640] scsi target2:0:1: Ending Domain Validation
[    9.302198] scsi target2:0:1: asynchronous
[    9.339205] sd 2:0:0:0: [sda] 83886080 512-byte logical blocks: (42.9 GB/40.0 GiB)
[    9.353152] sd 2:0:0:0: Attached scsi generic sg0 type 0
[    9.353619] sd 2:0:0:0: [sda] Write Protect is off
[    9.373370] sd 2:0:1:0: Attached scsi generic sg1 type 0
[    9.374293] sd 2:0:0:0: [sda] Incomplete mode parameter data
[    9.395381] sd 2:0:0:0: [sda] Assuming drive cache: write through
[    9.409369] sd 2:0:1:0: [sdb] 20480 512-byte logical blocks: (10.5 MB/10.0 MiB)
[    9.418601]  sda: sda1
[    9.431600] sd 2:0:1:0: [sdb] Write Protect is off
[    9.438087] sd 2:0:0:0: [sda] Attached SCSI disk
[    9.453354] sd 2:0:1:0: [sdb] Incomplete mode parameter data
[    9.464166] sd 2:0:1:0: [sdb] Assuming drive cache: write through
[    9.498045] sd 2:0:1:0: [sdb] Attached SCSI disk
Begin: Loading essential drivers ... [   12.808345] raid6: sse2x1   gen()  6459 MB/s
[   12.864261] raid6: sse2x1   xor()  4175 MB/s
[   12.921038] raid6: sse2x2   gen()  7900 MB/s
[   12.976102] raid6: sse2x2   xor()  4918 MB/s
[   13.028691] raid6: sse2x4   gen()  7808 MB/s
[   13.080463] raid6: sse2x4   xor()  3946 MB/s
[   13.088346] raid6: using algorithm sse2x2 gen() 7900 MB/s
[   13.097721] raid6: .... xor() 4918 MB/s, rmw enabled
[   13.106596] raid6: using ssse3x2 recovery algorithm
[   13.120819] xor: measuring software checksum speed
[   14.252812]    prefetch64-sse: 2032564.000 MB/sec
[   18.299096]    generic_sse: 1666972.000 MB/sec
[   18.315522] xor: using function: prefetch64-sse (2032564.000 MB/sec)
[   18.343231] async_tx: api initialized (async)
done.
Begin: Running /scripts/init-premount ... done.
Begin: Mounting root file system ... Begin: Running /scripts/local-top ... done.
Begin: Running /scripts/local-premount ... [   18.556703] Btrfs loaded, crc32c=crc32c-intel
Scanning for Btrfs filesystems
done.
Warning: fsck not present, so skipping root file system
[   18.733513] EXT4-fs (sda1): mounted filesystem with ordered data mode. Opts: (null)
done.
Begin: Running /scripts/local-bottom ... done.
Begin: Running /scripts/init-bottom ... done.
[   19.334096] ip_tables: (C) 2000-2006 Netfilter Core Team
[   19.398460] systemd[1]: systemd 237 running in system mode. (+PAM +AUDIT +SELINUX +IMA +APPARMOR +SMACK +SYSVINIT +UTMP +LIBCRYPTSETUP +GCRYPT +GNUTLS +ACL +XZ +LZ4 +SECCOMP +BLKID +ELFUTILS +KMOD -IDN2 +IDN -PCRE2 default-hierarchy=hybrid)
[   19.470147] systemd[1]: Detected virtualization oracle.
[   19.488479] systemd[1]: Detected architecture x86-64.

Welcome to [1mUbuntu 18.04.6 LTS[0m!

[   19.603694] systemd[1]: Set hostname to <ubuntu>.
[   19.639057] random: systemd: uninitialized urandom read (16 bytes read)
[   19.659326] systemd[1]: Initializing machine ID from random generator.
[   19.678414] systemd[1]: Installed transient /etc/machine-id file.
[   20.550531] random: systemd: uninitialized urandom read (16 bytes read)
[   20.570034] systemd[1]: Reached target Mounting snaps.
[[0;32m  OK  [0m] Reached target Mounting snaps.
[   20.590810] random: systemd: uninitialized urandom read (16 bytes read)
[   20.611101] systemd[1]: Reached target Mounted snaps.
[[0;32m  OK  [0m] Reached target Mounted snaps.
[   20.630826] systemd[1]: Reached target Swap.
[[0;32m  OK  [0m] Reached target Swap.
[   20.648829] random: systemd: uninitialized urandom read (16 bytes read)
[   20.671886] systemd[1]: Reached target System Time Synchronized.
[[0;32m  OK  [0m] Reached target System Time Synchronized.
[   20.719091] random: systemd: uninitialized urandom read (16 bytes read)
[[0;32m  OK  [0m] Created slice System Slice.
[   20.781007] random: systemd: uninitialized urandom read (16 bytes read)
[[0;32m  OK  [0m] Listening on Device-mapper event daemon FIFOs.
[[0;32m  OK  [0m] Listening on Journal Socket.
         Starting Set the console keyboard layout...
[[0;32m  OK  [0m] Listening on udev Control Socket.
         Mounting Kernel Debug File System...
         Starting Uncomplicated firewall...
[[0;32m  OK  [0m] Reached target User and Group Name Lookups.
[[0;32m  OK  [0m] Listening on Journal Socket (/dev/log).
[[0;32m  OK  [0m] Listening on LVM2 metadata daemon socket.
         Starting Monitoring of LVM2 mirrorsâ€¦ng dmeventd or progress polling...
[[0;32m  OK  [0m] Started Forward Password Requests to Wall Directory Watch.
         Mounting Huge Pages File System...
[[0;32m  OK  [0m] Listening on /dev/initctl Compatibility Named Pipe.
         Starting Load Kernel Modules...
[[0;32m  OK  [0m] Listening on Syslog Socket.
[[0;32m  OK  [0m] Created slice system-serial\x2dgetty.slice.
         Starting Create list of required stâ€¦ce nodes for the current kernel...
[[0;32m  OK  [0m] Set up automount Arbitrary Executabâ€¦rmats File System Automount Point.
[[0;32m  OK  [0m] Created slice User and Session Slice.
[[0;32m  OK  [0m] Reached target Slices.
[[0;32m  OK  [0m] Listening on Network Service Netlink Socket.
[[0;32m  OK  [0m] Listening on fsck to fsckd communication Socket.
         Starting File System Check on Root Device...
[[0;32m  OK  [0m] Listening on Journal Audit Socket.
[   21.151066] Loading iSCSI transport class v2.0-870.
         Starting Journal Service...
[[0;32m  OK  [0m] Listening on udev Kernel Socket.
         Starting udev Coldplug all Devices...
[[0;32m  OK  [0m] Listening on LVM2 poll daemon socket.
         Mounting POSIX Message Queue File System...
[[0;32m  OK  [0m] Mounted Kernel Debug File System.
[[0;32m  OK  [0m] Started Uncomplicated firewall.
[[0;32m  OK  [0m] Mounted Huge Pages File System.
[[0;32m  OK  [0m] Started Create list of required staâ€¦vice nodes for the current kernel.
[[0;32m  OK  [0m] Started File System Check on Root Device.
[[0;32m  OK  [0m] Mounted POSIX Message Queue File System.
[[0;32m  OK  [0m] Started File System Check Daemon to report status.
[[0;32m  OK  [0m[   21.691159] iscsi: registered transport (tcp)
] Started LVM2 metadata daemon.
[   21.747378] random: systemd: uninitialized urandom read (16 bytes read)
         Starting Remount Root and Kernel File Systems...
[   21.845122] random: systemd: uninitialized urandom read (16 bytes read)
         Starting Create Static Device Nodes in /dev...
[   21.979011] random: systemd-journal: uninitialized urandom read (16 bytes read)
[[0;32m  OK  [0m] Started Journal Service.
[   22.029855] EXT4-fs (sda1): re-mounted. Opts: (null)
[[0;32m  OK  [0m] Started Remount Root and Kernel File Systems.
         Starting Flush Journal to Persistent Storage...
[   22.218488] random: crng init done
[   22.248557] random: 49 urandom warning(s) missed due to ratelimiting
         Starting Load/Save Random Seed...
[[0;32m  OK  [0m] Started Create Static Device Nodes in /dev.
[[0;32m  OK  [0m] Started udev Coldplug all Devices.
         Starting udev Kernel Device Manager...
[[0;32m  OK  [0m] Started Load/Save Random Seed.[   22.508812] iscsi: registered transport (iser)

[[0;32m  OK  [0m] Started Monitoring of LVM2 mirrors,â€¦sing dmeventd or progress polling.
[[0;32m  OK  [0m] Started Load Kernel Modules.
[   22.589835] systemd-journald[391]: Received request to flush runtime journal from PID 1
         Starting Apply Kernel Variables...
         Mounting Kernel Configuration File System...
         Mounting FUSE Control File System...
[[0;32m  OK  [0m] Mounted Kernel Configuration File System.
[[0;32m  OK  [0m] Mounted FUSE Control File System.
[[0;32m  OK  [0m] Started Apply Kernel Variables.
[[0;32m  OK  [0m] Started Flush Journal to Persistent Storage.
[[0;32m  OK  [0m] Started udev Kernel Device Manager.
[[0;32m  OK  [0m] Found device /dev/ttyS0.
[[0;32m  OK  [0m] Listening on Load/Save RF Kill Switch Status /dev/rfkill Watch.
[[0;32m  OK  [0m] Started Set the console keyboard layout.
         Mounting Arbitrary Executable File Formats File System...
[[0;32m  OK  [0m] Reached target Local File Systems (Pre).
[[0;32m  OK  [0m] Reached target Local File Systems.
         Starting Tell Plymouth To Write Out Runtime Data...
         Starting Create Volatile Files and Directories...
         Starting ebtables ruleset management...
         Starting AppArmor initialization...
         Starting Set console font and keymap...
         Starting Commit a transient machine-id on disk...
[[0;32m  OK  [0m] Started Dispatch Password Requests to Console Directory Watch.
[[0;32m  OK  [0m] Reached target Local Encrypted Volumes.
[[0;32m  OK  [0m] Mounted Arbitrary Executable File Formats File System.
[[0;32m  OK  [0m] Started Tell Plymouth To Write Out Runtime Data.
[[0;32m  OK  [0m] Started Create Volatile Files and Directories.
         Starting Update UTMP about System Boot/Shutdown...
[[0;32m  OK  [0m] Started Update UTMP about System Boot/Shutdown.
[[0;32m  OK  [0m] Started Commit a transient machine-id on disk.
[[0;32m  OK  [0m] Started ebtables ruleset management.
[[0;32m  OK  [0m] Started AppArmor initialization.
         Starting Load AppArmor profiles managed internally by snapd...
         Starting Initial cloud-init job (pre-networking)...
[[0;32m  OK  [0m] Started Load AppArmor profiles managed internally by snapd.
[[0;32m  OK  [0m] Started Set console font and keymap.
[   32.261323] cloud-init[729]: Cloud-init v. 23.1.2-0ubuntu0~18.04.1 running 'init-local' at Tue, 13 Feb 2024 23:45:06 +0000. Up 31.18 seconds.
[[0;32m  OK  [0m] Started Initial cloud-init job (pre-networking).
[[0;32m  OK  [0m] Reached target Network (Pre).
         Starting Network Service...
[[0;32m  OK  [0m] Started Network Service.
         Starting Network Name Resolution...
         Starting Wait for Network to be Configured...
[[0;32m  OK  [0m] Started Network Name Resolution.
[[0;32m  OK  [0m] Reached target Host and Network Name Lookups.
[[0;32m  OK  [0m] Reached target Network.
[[0;32m  OK  [0m] Started Wait for Network to be Configured.
         Starting Initial cloud-init job (metadata service crawler)...
[   35.486370] cloud-init[882]: Cloud-init v. 23.1.2-0ubuntu0~18.04.1 running 'init' at Tue, 13 Feb 2024 23:45:10 +0000. Up 35.24 seconds.
[   35.494103] cloud-init[882]: ci-info: ++++++++++++++++++++++++++++++++++++++Net device info++++++++++++++++++++++++++++++++++++++
[   35.501288] cloud-init[882]: ci-info: +--------+------+----------------------------+---------------+--------+-------------------+
[   35.507670] cloud-init[882]: ci-info: | Device |  Up  |          Address           |      Mask     | Scope  |     Hw-Address    |
[   35.514097] cloud-init[882]: ci-info: +--------+------+----------------------------+---------------+--------+-------------------+
[   35.520527] cloud-init[882]: ci-info: | enp0s3 | True |         10.0.2.15          | 255.255.255.0 | global | 02:3b:7b:b7:3b:2d |
[   35.526319] cloud-init[882]: ci-info: | enp0s3 | True | fe80::3b:7bff:feb7:3b2d/64 |       .       |  link  | 02:3b:7b:b7:3b:2d |
[   35.531886] cloud-init[882]: ci-info: |   lo   | True |         127.0.0.1          |   255.0.0.0   |  host  |         .         |
[   35.537875] cloud-init[882]: ci-info: |   lo   | True |          ::1/128           |       .       |  host  |         .         |
[   35.544760] cloud-init[882]: ci-info: +--------+------+----------------------------+---------------+--------+-------------------+
[   35.550245] cloud-init[882]: ci-info: ++++++++++++++++++++++++++++Route IPv4 info+++++++++++++++++++++++++++++
[   35.566854] cloud-init[882]: ci-info: +-------+-------------+----------+-----------------+-----------+-------+
[   35.572374] cloud-init[882]: ci-info: | Route | Destination | Gateway  |     Genmask     | Interface | Flags |
[   35.577617] cloud-init[882]: ci-info: +-------+-------------+----------+-----------------+-----------+-------+
[   35.584938] cloud-init[882]: ci-info: |   0   |   0.0.0.0   | 10.0.2.2 |     0.0.0.0     |   enp0s3  |   UG  |
[   35.594432] cloud-init[882]: ci-info: |   1   |   10.0.2.0  | 0.0.0.0  |  255.255.255.0  |   enp0s3  |   U   |
[   35.601125] cloud-init[882]: ci-info: |   2   |   10.0.2.2  | 0.0.0.0  | 255.255.255.255 |   enp0s3  |   UH  |
[   35.606628] cloud-init[882]: ci-info: +-------+-------------+----------+-----------------+-----------+-------+
[   35.611995] cloud-init[882]: ci-info: +++++++++++++++++++Route IPv6 info+++++++++++++++++++
[   35.616830] cloud-init[882]: ci-info: +-------+-------------+---------+-----------+-------+
[   35.620887] cloud-init[882]: ci-info: | Route | Destination | Gateway | Interface | Flags |
[   35.625687] cloud-init[882]: ci-info: +-------+-------------+---------+-----------+-------+
[   35.629778] cloud-init[882]: ci-info: |   1   |  fe80::/64  |    ::   |   enp0s3  |   U   |
[   35.634374] cloud-init[882]: ci-info: |   3   |    local    |    ::   |   enp0s3  |   U   |
[   35.639223] cloud-init[882]: ci-info: |   4   |   ff00::/8  |    ::   |   enp0s3  |   U   |
[   35.643508] cloud-init[882]: ci-info: +-------+-------------+---------+-----------+-------+
[   37.265347] cloud-init[882]: Generating public/private rsa key pair.
[   37.273821] cloud-init[882]: Your identification has been saved in /etc/ssh/ssh_host_rsa_key.
[   37.282607] cloud-init[882]: Your public key has been saved in /etc/ssh/ssh_host_rsa_key.pub.
[   37.291412] cloud-init[882]: The key fingerprint is:
[   37.297949] cloud-init[882]: SHA256:vkWOVyHoQXGDvRzkCt8pdkDMrvMHsP2+t125QDEnVIA root@ubuntu-bionic
[   37.306502] cloud-init[882]: The key's randomart image is:
[   37.313169] cloud-init[882]: +---[RSA 2048]----+
[   37.319663] cloud-init[882]: |       o+=+ .oo. |
[   37.326445] cloud-init[882]: |       o++oE.    |
[   37.333140] cloud-init[882]: |      ..+.oo.+ . |
[   37.340858] cloud-init[882]: |      .+.=oo .=  |
[   37.347632] cloud-init[882]: [[0;32m  OK  [0m] Started Initial cloud-init job (metadata service crawler).
[[0;32m  OK  [0m] Reached target Network is Online.
|       =S = ..   |[[0;32m  OK  [0m] Reached target Remote File Systems (Pre).
[[0;32m  OK  [0m] Reached target Remote File Systems.
         Starting Availability of block devices...
[[0;32m  OK  [0m] Reached target Cloud-config availability.

[   37.361270] cloud-init[882]: |      +oo* ..   .|
[   37.361678] cloud-init[882]: |       ooo+  . ..|
[   37.363408] cloud-init[882]: |        .+o .....|
[   37.365434] cloud-init[882]: |        .ooo.... |
[   37.366096] cloud-init[882]: +----[SHA256]-----+
[   37.366534] cloud-init[882]: Generating public/private dsa key pair.
[[0;32m  OK  [0m] Reached target System Initialization.
[[0;32m  OK  [0m] Listening on UUID daemon activation socket.
[[0;32m  OK  [0m] Listening on ACPID Listen Socket.
[[0;32m  OK  [0m] Started Ubuntu Advantage Timer for running repeated jobs.
[   37.367678] cloud-init[882]: Your identification has been saved in /etc/ssh/ssh_host_dsa_key.
         Starting LXD - unix socket.
[   37.405232] cloud-init[[0;32m  OK  [0m] Started ACPI Events Check.
[[0;32m  OK  [0m] Started Message of the Day.
[[0;32m  OK  [0m] Started Daily apt download activities.
[[0;32m  OK  [0m] Started Daily apt upgrade and clean activities.
[[0;32m  OK  [0m] Started Daily Cleanup of Temporary Directories.
[[882]: Your public key has been saved in /etc/ssh/ssh_host_dsa_key.pub.
[   37.417182] cloud-init[882]: The key fingerprint is:
[   37.417654] cloud-init[882]: SHA256:Kb0sWNdX1wr6va3SFmFXK+vgqpAmsaMBy0SZCQYZP+Y root@ubuntu-bionic
[   37.418230] cloud-init[882]: The key's randomart image is:
[   37.418868] cloud-init[882]: +---[DSA 1024]----+
[   37.419425] cloud-init[882]: |=+               |
[   37.420714] cloud-init[882]: |+.+             o|
[   37.421232] cloud-init[882]: | =+         . . =|
[   37.421866] cloud-init[882]: |.o .   . o . +o+.|
[   37.422510] cloud-init[882]: |..E.  o S o ..+o |
[   37.423077] cloud-init[882]: |+.  oo.+ . + o.  |
[0;32m  OK  [0m] Reached target Paths.
[[0;32m  OK  [0m] Listening on cloud-init hotplug hook socket.
[[0;32m  OK  [0m] Listening on D-Bus System Message Bus Socket.
         Starting Socket activation for snappy daemon.
[[0;32m  OK  [0m] Listening on Open-iSCSI iscsid Socket.
[[0;32m  OK  [0m] Started Discard unused blocks once a week.
[[0;32m  OK  [0m] Reached target Timers.
[[0;32m  OK  [0m] Started Availability of block devices.
[[0;32m  OK  [0m] Listening on LXD - unix socket.
[   37.423911] cloud-init[882]: |.o +.+. o . +... |
[   37.473379] cloud-init[882]: |  o + ..   ...oo |
[[0;32m  OK  [0m] Listening on Socket activation for snappy daemon.
[   37.492047] cloud-init[882]: | .     ....  oo..|
[   37.498770] cloud-init[882]: +----[SHA256]-----+
[   37.501572] cloud-init[882]: Generating public/private ecdsa key pair.
[[0;32m  OK  [0m] Reached target Sockets.
[[0;32m  OK  [0m] Reached target Basic System.
         Starting LSB: automatic crash report generation...
         Starting Permit User Sessions...
[[0;32m  OK  [0m] Started Deferred execution scheduler.
         Starting Virtualbox guest utils...
[[0;32m  OK  [0m] Started D-Bus System Message Bus.
[   37.507693] cloud-init[882]: Your identification has been saved in /etc/ssh/ssh_host_ecdsa_key.
[   37.553759] cloud-init[882]: Your public key has been saved in /etc/ssh/ssh_host_ecdsa_key.pub.
[   37.558787] cloud-init[882]: The key fingerprint is:
[   37.562430] cloud-init[882]: SHA256:mBvas+kWUueS5Bu0ylNF+fTpJpwAWRoezydCpgLq2NA root@ubuntu-bionic
[   37.567145] cloud-init[882]: The key's randomart image is:
[   37.570915] cloud-init[882]: +---[ECDSA 256]---+
[   37.573930] cloud-init[882]: |.     =o..       |
[   37.582071] cloud-init[882]: |.o   =o*o .      |
[   37.592881] cloud-init[882]: |o E . +o+o.. .   |
[   37.605524] cloud-init[882]: |oo .  +++o. o    |
[   37.624000] cloud-init[882]: |...  =+*So o     |
[   37.634912] cloud-init[882]: |    .oOo. + o    |
[   37.643722] cloud-init[882]: |   ..++=   o     |
[   37.654105] cloud-init[882]: |    + o+         |
[   37.664190] cloud-init[882]: |     ++          |
[   37.676531] cloud-init[882]: +----[SHA256]-----+
[   37.685670] cloud-init[882]: Generating public/private ed25519 key pair.
[[0;32m  OK  [0m] Reached target Login Prompts (Pre).
[   37.697887] cloud-init[[0;32m  OK  [0m] Started irqbalance daemon.
         Starting System Logging Service...
[882]: Your identification has been saved in /etc/ssh/ssh_host_ed25519_key.         Starting Snap Daemon...
         Starting LXD - container startup/shutdown...

[   37.722394] cloud-init[882]: Your public key has been saved in /etc/ssh/ssh_host_ed25519_key.pub.
[   37.734020] cloud-init[882]: The key fingerprint is:
[   37.744910] cloud-init[882]: SHA256:ojAgWaaGmTrw3A8puirUzMTKecAvt5SiTe1a0dDbvLM root@ubuntu-bionic
[   37.755881] cloud-init[882]: The key's randomart image is:
[   37.765809] cloud-init[882]: +--[ED25519 256]--+
[   37.776158] cloud-init[882]: |  o              |
[   37.785268]          Starting Dispatcher daemon for systemd-networkd...
cloud-init[882]: |.B   .           |
[   37.806951] cloud-init[882]: |@.. . .          |
[   37.814073]          Starting Pollinate to seed the pseudo random number generator...
         Starting Accounts Service...
         Starting LSB: Record successful boot for GRUB...
cloud-init[882]: |=* + + +         |
[   37.858817] cloud-init[882]: |+ /.* + S        |
[   37.882510] cloud-init[882]: | X.&.= . .       |
[   37.896515] cloud-init[882]: |+o*.+ . o        |
[   37.907171] cloud-init[882]: |o..o.    o       |
[   37.910744] cloud-init[882]: |= ..    E        |
[   37.913840] cloud-init[882]: +----[SHA256]-----+
[[0;32m  OK  [0m] Started Regular background program processing daemon.
[[0;32m  OK  [0m] Started FUSE filesystem for LXC.
         Starting Login Service...
[[0;32m  OK  [0m] Started System Logging Service.
[[0;32m  OK  [0m] Started Permit User Sessions.
         Starting Hold until boot process finishes up...
         Starting Terminate Plymouth Boot Screen...
[[0;32m  OK  [0m] Started Hold until boot process finishes up.
[[0;32m  OK  [0m] Started Terminate Plymouth Boot Screen.
[[0;32m  OK  [0m] Started Serial Getty on ttyS0.
         Starting Set console scheme...
[[0;32m  OK  [0m] Started Set console scheme.
[[0;32m  OK  [0m] Created slice system-getty.slice.
[[0;32m  OK  [0m] Started Getty on tty1.
[[0;32m  OK  [0m] Reached target Login Prompts.
[[0;32m  OK  [0m] Started LSB: automatic crash report generation.
[[0;32m  OK  [0m] Started Login Service.
         Starting Authorization Manager...
[[0;32m  OK  [0m] Started Unattended Upgrades Shutdown.
[[0;32m  OK  [0m] Started LSB: Record successful boot for GRUB.
[[0;32m  OK  [0m] Started Authorization Manager.
[[0;32m  OK  [0m] Started Accounts Service.
[[0;32m  OK  [0m] Started Virtualbox guest utils.
[[0;32m  OK  [0m] Started LXD - container startup/shutdown.
[[0;32m  OK  [0m] Started Dispatcher daemon for systemd-networkd.
[[0;32m  OK  [0m] Started Snap Daemon.
         Starting Wait until snapd is fully seeded...
[[0;32m  OK  [0m] Started Pollinate to seed the pseudo random number generator.
         Starting OpenBSD Secure Shell server...
[[0;32m  OK  [0m] Started OpenBSD Secure Shell server.
[[0;32m  OK  [0m] Created slice User Slice of vagrant.
         Starting User Manager for UID 1000...
[[0;32m  OK  [0m] Started Session 1 of user vagrant.
[[0;32m  OK  [0m] Started User Manager for UID 1000.

Ubuntu 18.04.6 LTS ubuntu-bionic ttyS0

ubuntu-bionic login: [   52.085057] cloud-init[1491]: Cloud-init v. 23.1.2-0ubuntu0~18.04.1 running 'modules:config' at Tue, 13 Feb 2024 23:45:25 +0000. Up 50.08 seconds.
ci-info: no authorized SSH keys fingerprints found for user ubuntu.
<14>Feb 13 23:45:28 cloud-init: #############################################################
<14>Feb 13 23:45:28 cloud-init: -----BEGIN SSH HOST KEY FINGERPRINTS-----
<14>Feb 13 23:45:28 cloud-init: 1024 SHA256:Kb0sWNdX1wr6va3SFmFXK+vgqpAmsaMBy0SZCQYZP+Y root@ubuntu-bionic (DSA)
<14>Feb 13 23:45:28 cloud-init: 256 SHA256:mBvas+kWUueS5Bu0ylNF+fTpJpwAWRoezydCpgLq2NA root@ubuntu-bionic (ECDSA)
<14>Feb 13 23:45:28 cloud-init: 256 SHA256:ojAgWaaGmTrw3A8puirUzMTKecAvt5SiTe1a0dDbvLM root@ubuntu-bionic (ED25519)
<14>Feb 13 23:45:28 cloud-init: 2048 SHA256:vkWOVyHoQXGDvRzkCt8pdkDMrvMHsP2+t125QDEnVIA root@ubuntu-bionic (RSA)
<14>Feb 13 23:45:28 cloud-init: -----END SSH HOST KEY FINGERPRINTS-----
<14>Feb 13 23:45:28 cloud-init: #############################################################
-----BEGIN SSH HOST KEY KEYS-----
ecdsa-sha2-nistp256 AAAAE2VjZHNhLXNoYTItbmlzdHAyNTYAAAAIbmlzdHAyNTYAAABBBIhsujTBZh7RVADgekYg5hyiLRVetT1O1RoYjcRPMLSSSd8BVO7+kRGkObkOh9CSekKbR6yegFA44pEEDWYY16I= root@ubuntu-bionic
ssh-ed25519 AAAAC3NzaC1lZDI1NTE5AAAAIIRC1aRN4dXP9kojV1s7peQaZHrUmbzHthlUU1C8n9fd root@ubuntu-bionic
ssh-rsa AAAAB3NzaC1yc2EAAAADAQABAAABAQC50++puCp3LcTTq0UIMK6M/mNCJ1TglmgYtLO5Fd6zOhPV/z0Lde69/GO5X7tm2OCOPY2AslKVJO3+/qsPgyZcDndILKo+N8V1GgXkacFYpn9DPpQ3qmTZyE0AQdsHJWXupGNCNecqJSEX1LiUdeLh0DsPf26SBkeFziWOdfieC8NjEVxKUFZ9PRqgGR+WITfYCyt1AxGAUSz3fIQSSuvnrzOsaUY4m1vkYXlzVpFn07vcg9jOB42WSoEkKf0zI7ef3bMSKtgCPemmHbHF5+ajjyA/Pxqa6JIlgtu+o4wFZV99CYai+E0Acs+3zeB5VdWTKFH3yyl9cGNdk+fv+As5 root@ubuntu-bionic
-----END SSH HOST KEY KEYS-----
[   54.205793] cloud-init[1606]: Cloud-init v. 23.1.2-0ubuntu0~18.04.1 running 'modules:final' at Tue, 13 Feb 2024 23:45:28 +0000. Up 53.53 seconds.
[   54.206169] cloud-init[1606]: Cloud-init v. 23.1.2-0ubuntu0~18.04.1 finished at Tue, 13 Feb 2024 23:45:29 +0000. Datasource DataSourceNoCloud [seed=/dev/sdb][dsmode=net].  Up 54.15 seconds
